PS C:\Users\mipor\OneDrive\Desktop\practicas\GIT> git --version
git version 2.43.0.windows.1
PS C:\Users\mipor\OneDrive\Desktop\practicas\GIT> git init
Initialized empty Git repository in C:/Users/mipor/OneDrive/Desktop/practicas/GIT/.git/
PS C:\Users\mipor\OneDrive\Desktop\practicas\GIT> git config --global user.name "leo"
PS C:\Users\mipor\OneDrive\Desktop\practicas\GIT> git config --global user.email "leonor.sorianoexposito@gmail.com"
PS C:\Users\mipor\OneDrive\Desktop\practicas\GIT> ssh-keygen
Generating public/private rsa key pair.
Enter file in which to save the key (C:\Users\mipor/.ssh/id_rsa):
C:\Users\mipor/.ssh/id_rsa already exists.
Overwrite (y/n)? y
Enter passphrase (empty for no passphrase):        
Enter same passphrase again:
Your identification has been saved in C:\Users\mipor/.ssh/id_rsa
Your public key has been saved in C:\Users\mipor/.ssh/id_rsa.pub
The key fingerprint is:
SHA256:IIYnS7uTulhCptkoOheJvM225d7d5rmjqW3zojwUOnM mipor@portatil2023
The key's randomart image is:
+---[RSA 3072]----+
|                 |
|   .             |
|  + + .          |
| . * . o         |
|.+o.  . S        |
|==oo + E         |
|* X. .=          |
|==.=o o.o+oo.    |
|=+..oo ===B*o    |
+----[SHA256]-----+
PS C:\Users\mipor\OneDrive\Desktop\practicas\GIT>ccat ~/.ssh/id_rsa.pub
ssh-rsa AAAAB3NzaC1yc2EAAAADAQABAAABgQDLlJVAUYdqvnVZt1oc00WyRekfB7JAH6V4G87t35Wf9ezpOUTzib14dgb4DSDfKvfK90w3vd/tQRLlXdryTVJg49PvJ82prlYBk0eMUD1BjJtp0SKzb44PmZryT1h4RvwChmFiip/KlYjwVJrXP8BR687H5mDiW/uFL6wZYVgK57vEm3CR5KU+WyoOLV5StAhQBb82gX7ebvFnJUDYZVR/zJbUB+APMwUNj0BqWmPYIDapp2Y+jysk4kwvDdyDVYJ7SHhuUkWNXjvDy78ybq0b2/HkXNMaIRuXzN92m37jBTvd3SM2G0g/ApwvjgmyCfh0D4LwhYMJ8CpVWvcrkFAHaoSCBBPX+Kw1Vn0LKrfrnCbGEP9v9+BVYT69YgS76RH4Ggg8ftDBOulIawpvAk9hXnG/hwUOqnWrWEUITsVH8jXrgpyW2yTT4LIxCDpN38mduqC1Mv0+k/0IoNpdYBELrmNpF1zjtiKyPJNkkpMu3NlHnxkQRY4XKRnwWVmB9Dc= mipor@portatil2023
PS C:\Users\mipor\OneDrive\Desktop\practicas\GIT>sssh -T git@github.com
Hi leonorsoriano! You've successfully authenticated, but GitHub does not provide shell access.        
PS C:\Users\mipor\OneDrive\Desktop\practicas\GIT>  
PS C:\Users\mipor\OneDrive\Desktop\practicas\GIT>  
PS C:\Users\mipor\OneDrive\Desktop\practicas\GIT>ggit add .
PS C:\Users\mipor\OneDrive\Desktop\practicas\GIT> git add .
PS C:\Users\mipor\OneDrive\Desktop\practicas\GIT> git commit -m "xXxx"                          
[master (root-commit) f577709] xXxx                
 2 files changed, 77 insertions(+)
 create mode 100644 1/pasos.txt                    
 create mode 100644 2/prueba.txt
PS C:\Users\mipor\OneDrive\Desktop\practicas\GIT> git push
fatal: No configured push destination.
Either specify the URL from the command-line or configure a remote repository using

    git remote add <name> <url>

and then push using the remote name

    git push <name>

PS C:\Users\mipor\OneDrive\Desktop\practicas\GIT>g 
PS C:\Users\mipor\OneDrive\Desktop\practicas\GIT> git remote add origin https://github.com/leonorsoriano/repositorio-prueba
PS C:\Users\mipor\OneDrive\Desktop\practicas\GIT> git remote add origin https://github.com/leonorsoriano/repositorio-prueba
error: remote origin already exists.
PS C:\Users\mipor\OneDrive\Desktop\practicas\GIT>git remote add origin git@github.com:leonorsoriano/repositorio-prueba.git               
It : No se puede procesar la transformación del 
argumento del parámetro 'test'. No se puede        
convertir el valor "add" de tipo "System.String"   
al tipo
"System.Management.Automation.ScriptBlock".        
En línea: 1 Carácter: 11
+ it remote add origin
git@github.com:leonorsoriano/repositorio-prueba.   
...
+           ~~~
    + CategoryInfo          : InvalidData: (:) [I  
   t], ParameterBindingArgumentTransformationExc   
  eption
    + FullyQualifiedErrorId : ParameterArgumentTr  
   ansformationError,It

PS C:\Users\mipor\OneDrive\Desktop\practicas\GIT>git remote add origin https://github.com/leonorsoriano/repositorio-prueba.git
It : No se puede procesar la transformación del 
argumento del parámetro 'test'. No se puede        
convertir el valor "add" de tipo "System.String" 
al tipo
"System.Management.Automation.ScriptBlock".        
En línea: 1 Carácter: 11
+ it remote add origin
https://github.com/leonorsoriano/repositorio-pru   
...
+           ~~~
    + CategoryInfo          : InvalidData: (:) [I  
   t], ParameterBindingArgumentTransformationExc  
  eption
    + FullyQualifiedErrorId : ParameterArgumentTr  
   ansformationError,It

PS C:\Users\mipor\OneDrive\Desktop\practicas\GIT>ggit remote add origin https://github.com/leonorsoriano/repositorio-prueba.git
>>   git branch -M main
>>   git push -u origin main
error: remote origin already exists.
info: please complete authentication in your browser...
Enumerating objects: 6, done.
Counting objects: 100% (6/6), done.
Delta compression using up to 12 threads
Compressing objects: 100% (3/3), done.
Writing objects: 100% (6/6), 1.38 KiB | 708.00 KiB/s, done.
Total 6 (delta 0), reused 0 (delta 0), pack-reused 0
To https://github.com/leonorsoriano/repositorio-prueba
 * [new branch]      main -> main
branch 'main' set up to track 'origin/main'.
PS C:\Users\mipor\OneDrive\Desktop\practicas\GIT> 